// Jest Snapshot v1, https://goo.gl/fbAQLP

exports[`SkyProps should render correctly 1`] = `""`;
