// Jest Snapshot v1, https://goo.gl/fbAQLP

exports[`WeatherDataDisplay should render correctly 1`] = `""`;
